=== MarkItDown deps install start: Mon Jul 13 11:31:53 CDT 2026 ===
Resolved 67 packages in 397ms
Downloading pdfminer-six (6.3MiB)
Downloading speechrecognition (31.3MiB)
Downloading pypdfium2 (3.4MiB)
Downloading magika (12.7MiB)
Downloading youtube-transcript-api (2.1MiB)
Downloading onnxruntime (17.6MiB)
Downloading uvloop (1.3MiB)
 Downloaded uvloop
 Downloaded youtube-transcript-api
 Downloaded pypdfium2
 Downloaded pdfminer-six
 Downloaded magika
 Downloaded onnxruntime
 Downloaded speechrecognition
Prepared 24 packages in 899ms
Installed 67 packages in 171ms
 + annotated-doc==0.0.4
 + annotated-types==0.7.0
 + anyio==4.14.2
 + azure-ai-documentintelligence==1.0.2
 + azure-core==1.41.0
 + azure-identity==1.25.3
 + beautifulsoup4==4.15.0
 + certifi==2026.6.17
 + cffi==2.1.0
 + charset-normalizer==3.4.9
 + click==8.4.2
 + cobble==0.1.4
 + cryptography==49.0.0
 + defusedxml==0.7.1
 + et-xmlfile==2.0.0
 + fastapi==0.139.0
 + flatbuffers==25.12.19
 + h11==0.16.0
 + httpcore==1.0.9
 + httptools==0.8.0
 + httpx==0.28.1
 + idna==3.18
 + isodate==0.7.2
 + lxml==6.1.1
 + magika==0.6.3
 + mammoth==1.11.0
 + markdownify==1.2.3
 + markitdown==0.1.5
 + mineru-open-sdk==0.2.5
 + msal==1.37.0
 + msal-extensions==1.3.1
 + numpy==2.5.1
 + olefile==0.47
 + onnxruntime==1.27.0
 + openpyxl==3.1.5
 + packaging==26.2
 + pandas==3.0.3
 + pdfminer-six==20260107
 + pdfplumber==0.11.10
 + pillow==12.3.0
 + protobuf==7.35.1
 + pycparser==3.0
 + pydantic==2.13.4
 + pydantic-core==2.46.4
 + pydub==0.25.1
 + pyjwt==2.13.0
 + pypdfium2==5.11.0
 + python-dateutil==2.9.0.post0
 + python-dotenv==1.2.2
 + python-multipart==0.0.32
 + python-pptx==1.0.2
 + pyyaml==6.0.3
 + requests==2.34.2
 + six==1.17.0
 + soupsieve==2.8.4
 + speechrecognition==3.17.0
 + starlette==1.3.1
 + typing-extensions==4.16.0
 + typing-inspection==0.4.2
 + urllib3==2.7.0
 + uvicorn==0.51.0
 + uvloop==0.22.1
 + watchfiles==1.2.0
 + websockets==16.1
 + xlrd==2.0.2
 + xlsxwriter==3.2.9
 + youtube-transcript-api==1.0.3
=== INSTALL OK: Mon Jul 13 11:31:54 CDT 2026 ===
